root@admin:/home/admin1# ssh -i "loverajarani4091.pem" ubuntu@ec2-18-222-11-54.us-east-2.compute.amazonaws.com
The authenticity of host 'ec2-18-222-11-54.us-east-2.compute.amazonaws.com (18.222.11.54)' can't be established.
ECDSA key fingerprint is 06:db:72:d6:6d:a9:54:5d:27:88:e5:d7:a7:1b:09:6d.
Are you sure you want to continue connecting (yes/no)? yes
Warning: Permanently added 'ec2-18-222-11-54.us-east-2.compute.amazonaws.com' (ECDSA) to the list of known hosts.
Welcome to Ubuntu 16.04.5 LTS (GNU/Linux 4.4.0-1065-aws x86_64)

 * Documentation:  https://help.ubuntu.com
 * Management:     https://landscape.canonical.com
 * Support:        https://ubuntu.com/advantage

  Get cloud support with Ubuntu Advantage Cloud Guest:
    http://www.ubuntu.com/business/services/cloud

0 packages can be updated.
0 updates are security updates.

New release '18.04.1 LTS' available.
Run 'do-release-upgrade' to upgrade to it.


Last login: Mon Sep  3 09:24:14 2018 from 183.82.216.131
ubuntu@ip-172-31-39-65:~$ clear
[3;J
ubuntu@ip-172-31-39-65:~$ ls
ubuntu@ip-172-31-39-65:~$ mkdir git
ubuntu@ip-172-31-39-65:~$ ls
git
ubuntu@ip-172-31-39-65:~$ apt-get install git*
E: Could not open lock file /var/lib/dpkg/lock - open (13: Permission denied)
E: Unable to lock the administration directory (/var/lib/dpkg/), are you root?
ubuntu@ip-172-31-39-65:~$ sudo apt-get install git*
Reading package lists... Done
Building dependency tree       
Reading state information... Done
git is already the newest version (1:2.7.4-0ubuntu1.4).
0 upgraded, 0 newly installed, 0 to remove and 0 not upgraded.
ubuntu@ip-172-31-39-65:~$ cd git
ubuntu@ip-172-31-39-65:~/git$ git init
Initialized empty Git repository in /home/ubuntu/git/.git/
ubuntu@ip-172-31-39-65:~/git$ ls -ld
drwxrwxr-x 3 ubuntu ubuntu 4096 Sep  3 09:54 .
ubuntu@ip-172-31-39-65:~/git$ ls
ubuntu@ip-172-31-39-65:~/git$ ls -ltr
total 0
ubuntu@ip-172-31-39-65:~/git$ pwd
/home/ubuntu/git
ubuntu@ip-172-31-39-65:~/git$ cd .git/
ubuntu@ip-172-31-39-65:~/git/.git$ ls
branches  config  description  HEAD  hooks  info  objects  refs
ubuntu@ip-172-31-39-65:~/git/.git$ cd ..
ubuntu@ip-172-31-39-65:~/git$ ls -la
total 12
drwxrwxr-x 3 ubuntu ubuntu 4096 Sep  3 09:54 .
drwxr-xr-x 5 ubuntu ubuntu 4096 Sep  3 09:53 ..
drwxrwxr-x 7 ubuntu ubuntu 4096 Sep  3 09:54 .git
ubuntu@ip-172-31-39-65:~/git$ git config --global user.name "raja"
ubuntu@ip-172-31-39-65:~/git$ git config --global user.email "rajarani@love.com" 
ubuntu@ip-172-31-39-65:~/git$ git config --global user.email
rajarani@love.com
ubuntu@ip-172-31-39-65:~/git$ git config --global user.name
raja
ubuntu@ip-172-31-39-65:~/git$ git branch
ubuntu@ip-172-31-39-65:~/git$ cat>demo
hai friends 
ubuntu@ip-172-31-39-65:~/git$ git add demo
ubuntu@ip-172-31-39-65:~/git$ git commit -m "hello"
[master (root-commit) 3556c4f] hello
 1 file changed, 1 insertion(+)
 create mode 100644 demo
ubuntu@ip-172-31-39-65:~/git$ git status
On branch master
nothing to commit, working directory clean
ubuntu@ip-172-31-39-65:~/git$ git remote -v
ubuntu@ip-172-31-39-65:~/git$ git remote add origin git@github.com:loverajarani/devops.git
ubuntu@ip-172-31-39-65:~/git$ remote -v
remote: command not found
ubuntu@ip-172-31-39-65:~/git$ git remote -v
origin	git@github.com:loverajarani/devops.git (fetch)
origin	git@github.com:loverajarani/devops.git (push)
ubuntu@ip-172-31-39-65:~/git$ cd
ubuntu@ip-172-31-39-65:~$ ls -la
total 36
drwxr-xr-x 5 ubuntu ubuntu 4096 Sep  3 09:58 .
drwxr-xr-x 3 root   root   4096 Sep  3 09:15 ..
-rw-r--r-- 1 ubuntu ubuntu  220 Aug 31  2015 .bash_logout
-rw-r--r-- 1 ubuntu ubuntu 3771 Aug 31  2015 .bashrc
drwx------ 2 ubuntu ubuntu 4096 Sep  3 09:16 .cache
drwxrwxr-x 3 ubuntu ubuntu 4096 Sep  3 09:59 git
-rw-rw-r-- 1 ubuntu ubuntu   47 Sep  3 09:58 .gitconfig
-rw-r--r-- 1 ubuntu ubuntu  655 May 16  2017 .profile
drwx------ 2 ubuntu ubuntu 4096 Sep  3 09:15 .ssh
-rw-r--r-- 1 ubuntu ubuntu    0 Sep  3 09:16 .sudo_as_admin_successful
ubuntu@ip-172-31-39-65:~$ cd .ssh/
ubuntu@ip-172-31-39-65:~/.ssh$ ls
authorized_keys
ubuntu@ip-172-31-39-65:~/.ssh$ ssh-keygen -t rsa
Generating public/private rsa key pair.
Enter file in which to save the key (/home/ubuntu/.ssh/id_rsa): loverajarani
Enter passphrase (empty for no passphrase): 
Enter same passphrase again: 
Your identification has been saved in loverajarani.
Your public key has been saved in loverajarani.pub.
The key fingerprint is:
SHA256:L1VMrrNHExzxIqN8n1I0JFtJ2dFkTgmBPO9esFc/lvk ubuntu@ip-172-31-39-65
The key's randomart image is:
+---[RSA 2048]----+
|          o.OB++=|
|           &oo.=.|
|          + % . .|
|       . . * *  .|
|        S = = o =|
|         + * = B.|
|        . + = + o|
|         . o .  E|
|                 |
+----[SHA256]-----+
ubuntu@ip-172-31-39-65:~/.ssh$ ls
authorized_keys  loverajarani  loverajarani.pub
ubuntu@ip-172-31-39-65:~/.ssh$ cat loverajarani.pub 
ssh-rsa AAAAB3NzaC1yc2EAAAADAQABAAABAQDWGtYNtLTJHxyWG43463cBgIYBwgKTsZYgUZNZpPbxY40wZ50rISi/do0I+XNG/coU+g29iyISOSoLAZOxnnwtaYuSpigLetr0TF4e2+QaZzugSTXRxOxEQTcUc6lKjH9oYvgtl3PdnPQEgiGhMEW3O/E/bfVwNyzCT7gejYyLg+9pWws+IiPJGRdeKpaG03GPrWGHWfgYbFtHdMJMF+Z4HnAAPODKfxs4LZQ0iJumM+rV8IU5WhFMh/PxudIyMfs+bDUBnHdQOq0ClxSvcOa3LDvRy3bdG4BQLiTklZDxO0+T6KqvlkTCAJwA7ursmVCG40iLgDIogO7zGHZ8y34z ubuntu@ip-172-31-39-65
ubuntu@ip-172-31-39-65:~/.ssh$ cat>>authorized_keys 
ssh-rsa AAAAB3NzaC1yc2EAAAADAQABAAABAQDWGtYNtLTJHxyWG43463cBgIYBwgKTsZYgUZNZpPbxY40wZ50rISi/do0I+XNG/coU+g29iyISOSoLAZOxnnwtaYuSpigLetr0TF4e2+QaZzugSTXRxOxEQTcUc6lKjH9oYvgtl3PdnPQEgiGhMEW3O/E/bfVwNyzCT7gejYyLg+9pWws+IiPJGRdeKpaG03GPrWGHWfgYbFtHdMJMF+Z4HnAAPODKfxs4LZQ0iJumM+rV8IU5WhFMh/PxudIyMfs+bDUBnHdQOq0ClxSvcOa3LDvRy3bdG4BQLiTklZDxO0+T6KqvlkTCAJwA7ursmVCG40iLgDIogO7zGHZ8y34z ubuntu@ip-172-31-39-65
ubuntu@ip-172-31-39-65:~/.ssh$ cd
ubuntu@ip-172-31-39-65:~$ cd git

******************************ERROR*********************************************


ubuntu@ip-172-31-39-65:~/git$ git push -u origin master
The authenticity of host 'github.com (192.30.253.112)' can't be established.
RSA key fingerprint is SHA256:nThbg6kXUpJWGl7E1IGOCspRomTxdCARLviKw6E5SY8.
Are you sure you want to continue connecting (yes/no)? yes
Warning: Permanently added 'github.com,192.30.253.112' (RSA) to the list of known hosts.
Permission denied (publickey).
fatal: Could not read from remote repository.

Please make sure you have the correct access rights
and the repository exists.

******************************BECAUSE IT IS TRYING FOR SSH NOT HTTPS***********************************

ubuntu@ip-172-31-39-65:~/git$ git push https://github.com/loverajarani/devops.git
warning: push.default is unset; its implicit value has changed in
Git 2.0 from 'matching' to 'simple'. To squelch this message
and maintain the traditional behavior, use:

  git config --global push.default matching

To squelch this message and adopt the new behavior now, use:

  git config --global push.default simple

When push.default is set to 'matching', git will push local branches
to the remote branches that already exist with the same name.

Since Git 2.0, Git defaults to the more conservative 'simple'
behavior, which only pushes the current branch to the corresponding
remote branch that 'git pull' uses to update the current branch.

See 'git help config' and search for 'push.default' for further information.
(the 'simple' mode was introduced in Git 1.7.11. Use the similar mode
'current' instead of 'simple' if you sometimes use older versions of Git)

Username for 'https://github.com': loverajarani    
Password for 'https://loverajarani@github.com': 
Counting objects: 3, done.
Writing objects: 100% (3/3), 208 bytes | 0 bytes/s, done.
Total 3 (delta 0), reused 0 (delta 0)
To https://github.com/loverajarani/devops.git
 * [new branch]      master -> master
ubuntu@ip-172-31-39-65:~/git$ 


*********************************DIRECTLY ACCESS BY SSH************************************
ubuntu@ip-172-31-39-65:~/git$ cd
ubuntu@ip-172-31-39-65:~$ ls -la
total 36
drwxr-xr-x 5 ubuntu ubuntu 4096 Sep  3 09:58 .
drwxr-xr-x 3 root   root   4096 Sep  3 09:15 ..
-rw-r--r-- 1 ubuntu ubuntu  220 Aug 31  2015 .bash_logout
-rw-r--r-- 1 ubuntu ubuntu 3771 Aug 31  2015 .bashrc
drwx------ 2 ubuntu ubuntu 4096 Sep  3 09:16 .cache
drwxrwxr-x 3 ubuntu ubuntu 4096 Sep  3 09:59 git
-rw-rw-r-- 1 ubuntu ubuntu   47 Sep  3 09:58 .gitconfig
-rw-r--r-- 1 ubuntu ubuntu  655 May 16  2017 .profile
drwx------ 2 ubuntu ubuntu 4096 Sep  3 10:05 .ssh
-rw-r--r-- 1 ubuntu ubuntu    0 Sep  3 09:16 .sudo_as_admin_successful
ubuntu@ip-172-31-39-65:~$ cd .ssh/
ubuntu@ip-172-31-39-65:~/.ssh$ cat loverajarani.pub
ssh-rsa AAAAB3NzaC1yc2EAAAADAQABAAABAQDWGtYNtLTJHxyWG43463cBgIYBwgKTsZYgUZNZpPbxY40wZ50rISi/do0I+XNG/coU+g29iyISOSoLAZOxnnwtaYuSpigLetr0TF4e2+QaZzugSTXRxOxEQTcUc6lKjH9oYvgtl3PdnPQEgiGhMEW3O/E/bfVwNyzCT7gejYyLg+9pWws+IiPJGRdeKpaG03GPrWGHWfgYbFtHdMJMF+Z4HnAAPODKfxs4LZQ0iJumM+rV8IU5WhFMh/PxudIyMfs+bDUBnHdQOq0ClxSvcOa3LDvRy3bdG4BQLiTklZDxO0+T6KqvlkTCAJwA7ursmVCG40iLgDIogO7zGHZ8y34z ubuntu@ip-172-31-39-65
ubuntu@ip-172-31-39-65:~/.ssh$ cd git
-bash: cd: git: No such file or directory
ubuntu@ip-172-31-39-65:~/.ssh$ cd
ubuntu@ip-172-31-39-65:~$ cd git
ubuntu@ip-172-31-39-65:~/git$ git push git@github.com:loverajarani/devops.git
warning: push.default is unset; its implicit value has changed in
Git 2.0 from 'matching' to 'simple'. To squelch this message
and maintain the traditional behavior, use:

  git config --global push.default matching

To squelch this message and adopt the new behavior now, use:

  git config --global push.default simple

When push.default is set to 'matching', git will push local branches
to the remote branches that already exist with the same name.

Since Git 2.0, Git defaults to the more conservative 'simple'
behavior, which only pushes the current branch to the corresponding
remote branch that 'git pull' uses to update the current branch.

See 'git help config' and search for 'push.default' for further information.
(the 'simple' mode was introduced in Git 1.7.11. Use the similar mode
'current' instead of 'simple' if you sometimes use older versions of Git)

Permission denied (publickey).
fatal: Could not read from remote repository.

Please make sure you have the correct access rights
and the repository exists.
ubuntu@ip-172-31-39-65:~/git$ git config --global push.default simple
ubuntu@ip-172-31-39-65:~/git$ git push git@github.com:loverajarani/devops.git
Warning: Permanently added the RSA host key for IP address '192.30.253.113' to the list of known hosts.
Permission denied (publickey).
fatal: Could not read from remote repository.

Please make sure you have the correct access rights
and the repository exists.
*************************************************ERROR  WITH CREATTING RSA with different NAME******************************************
***************ACCESS DIRECTLY************************
ubuntu@ip-172-31-39-65:~/git$ cd
ubuntu@ip-172-31-39-65:~$ clear
[3;J
ubuntu@ip-172-31-39-65:~$ cd .ssh/
ubuntu@ip-172-31-39-65:~/.ssh$ ls
authorized_keys  known_hosts  loverajarani  loverajarani.pub
ubuntu@ip-172-31-39-65:~/.ssh$ rm -rf known_hosts 
ubuntu@ip-172-31-39-65:~/.ssh$ rm -rf loverajarani
ubuntu@ip-172-31-39-65:~/.ssh$ rm -rf loverajarani.pub 
ubuntu@ip-172-31-39-65:~/.ssh$ vi authorized_keys 
ubuntu@ip-172-31-39-65:~/.ssh$ cd
ubuntu@ip-172-31-39-65:~$ cd git
ubuntu@ip-172-31-39-65:~/git$ ssh-keygen -t rsa
Generating public/private rsa key pair.
Enter file in which to save the key (/home/ubuntu/.ssh/id_rsa): 
Enter passphrase (empty for no passphrase): 
Enter same passphrase again: 
Your identification has been saved in /home/ubuntu/.ssh/id_rsa.
Your public key has been saved in /home/ubuntu/.ssh/id_rsa.pub.
The key fingerprint is:
SHA256:Vk82xF8f3oKmFPIWi0czsOdyjMx5r11yuvtZxarvH18 ubuntu@ip-172-31-39-65
The key's randomart image is:
+---[RSA 2048]----+
|        .. ..    |
|        ..*..  ..|
|        .=o*+o..+|
|       o.B*+o.ooo|
|        S+=o.  .o|
|       . +..   ..|
|            o +.E|
|           o * o+|
|          . **=.o|
+----[SHA256]-----+
ubuntu@ip-172-31-39-65:~/git$ cd /home/ubuntu/.ssh/
ubuntu@ip-172-31-39-65:~/.ssh$ ls
authorized_keys  id_rsa  id_rsa.pub
ubuntu@ip-172-31-39-65:~/.ssh$ cat id_rsa.pub 
ssh-rsa AAAAB3NzaC1yc2EAAAADAQABAAABAQDSREDbp7gqkJzS5ZYMjrrCv6KMFg+k9R+dMqDbLVqH7S6EPnOBuezlWmQ3PKhA6TXsQ7LP8/DkpZoq1wbZ2bh2VY1raM/snkTCPUyHELpqRwpUhMHtxRE7QF2lhsFm02HB7P0UkiGnTt6kPzrhVRv//vwXhSFAqY1BhYPg+KrA8F5zTD+inobjfqVYaKCP056HfaieqFsnMaCvq72DK8NFiwyO8EtJaAzR6p0+atgId59IWKf23zZ5ymPOBzW1fxIrv9egIU+jcZiu0ofL/RrNcRALSYNX8VO0VFrG5Z//+KNC5RdpRYhHr4zlcsiTU3c+eaMrMmyEcyCUgYz3oDm1 ubuntu@ip-172-31-39-65
ubuntu@ip-172-31-39-65:~/.ssh$ cat>>authorized_keys 
ssh-rsa AAAAB3NzaC1yc2EAAAADAQABAAABAQDSREDbp7gqkJzS5ZYMjrrCv6KMFg+k9R+dMqDbLVqH7S6EPnOBuezlWmQ3PKhA6TXsQ7LP8/DkpZoq1wbZ2bh2VY1raM/snkTCPUyHELpqRwpUhMHtxRE7QF2lhsFm02HB7P0UkiGnTt6kPzrhVRv//vwXhSFAqY1BhYPg+KrA8F5zTD+inobjfqVYaKCP056HfaieqFsnMaCvq72DK8NFiwyO8EtJaAzR6p0+atgId59IWKf23zZ5ymPOBzW1fxIrv9egIU+jcZiu0ofL/RrNcRALSYNX8VO0VFrG5Z//+KNC5RdpRYhHr4zlcsiTU3c+eaMrMmyEcyCUgYz3oDm1 ubuntu@ip-172-31-39-65
ubuntu@ip-172-31-39-65:~/.ssh$ cd
ubuntu@ip-172-31-39-65:~$ cd git
ubuntu@ip-172-31-39-65:~/git$ git push git@github.com:loverajarani/devops.git
The authenticity of host 'github.com (192.30.253.113)' can't be established.
RSA key fingerprint is SHA256:nThbg6kXUpJWGl7E1IGOCspRomTxdCARLviKw6E5SY8.
Are you sure you want to continue connecting (yes/no)? yes
Warning: Permanently added 'github.com,192.30.253.113' (RSA) to the list of known hosts.
Everything up-to-date
ubuntu@ip-172-31-39-65:~/git$ 

###########################        NOTE       #########################
1)FIRST WE NEED TO ADD id_rsa.pub key to git-hub---------------settings--------------ssh and gpg keys--------------new ssh key---------
2)title(git-hub-pubkeyadd)----------------
3)key (id_rsa.pub)...............starts with ssh-rsa AAA
ADD SSH KEY
